// Jest Snapshot v1, https://goo.gl/fbAQLP

exports[`Navbar renders correctly 1`] = `
<header
  className="jsx-3485818341"
>
  <nav
    className="navbar navbar-expand-md navbar-dark bg-primary"
  >
    <div
      className="jsx-3485818341 container"
    >
      <a
        className="navbar-brand"
        href="/"
        onClick={[Function]}
      >
        LikeBase
      </a>
      <ul
        className="mr-auto navbar-nav"
      >
        <li
          className="nav-item"
        >
          <a
            className="nav-link"
            href="/overview"
            onClick={[Function]}
          >
            <span
              className="jsx-3485818341"
            >
              <svg
                aria-hidden="true"
                className="svg-inline--fa fa-tachometer-alt fa-w-18 "
                data-icon="tachometer-alt"
                data-prefix="fas"
                focusable="false"
                role="img"
                style={Object {}}
                viewBox="0 0 576 512"
                xmlns="http://www.w3.org/2000/svg"
              >
                <path
                  d="M75.694 480a48.02 48.02 0 0 1-42.448-25.571C12.023 414.3 0 368.556 0 320 0 160.942 128.942 32 288 32s288 128.942 288 288c0 48.556-12.023 94.3-33.246 134.429A48.018 48.018 0 0 1 500.306 480H75.694zM512 288c-17.673 0-32 14.327-32 32 0 17.673 14.327 32 32 32s32-14.327 32-32c0-17.673-14.327-32-32-32zM288 128c17.673 0 32-14.327 32-32 0-17.673-14.327-32-32-32s-32 14.327-32 32c0 17.673 14.327 32 32 32zM64 288c-17.673 0-32 14.327-32 32 0 17.673 14.327 32 32 32s32-14.327 32-32c0-17.673-14.327-32-32-32zm65.608-158.392c-17.673 0-32 14.327-32 32 0 17.673 14.327 32 32 32s32-14.327 32-32c0-17.673-14.327-32-32-32zm316.784 0c-17.673 0-32 14.327-32 32 0 17.673 14.327 32 32 32s32-14.327 32-32c0-17.673-14.327-32-32-32zm-87.078 31.534c-12.627-4.04-26.133 2.92-30.173 15.544l-45.923 143.511C250.108 322.645 224 350.264 224 384c0 35.346 28.654 64 64 64 35.346 0 64-28.654 64-64 0-19.773-8.971-37.447-23.061-49.187l45.919-143.498c4.039-12.625-2.92-26.133-15.544-30.173z"
                  fill="currentColor"
                  style={Object {}}
                />
              </svg>
               Overview
            </span>
          </a>
        </li>
      </ul>
      <div
        className="ml-auto d-flex align-items-center"
      >
        <a
          aria-label={null}
          className="btn btn-info"
          href="/signin"
          onClick={[Function]}
        >
          Sign in
        </a>
      </div>
    </div>
  </nav>
</header>
`;
